Flow report for Practica3
Fri Dec 10 13:18:40 2021
Quartus Prime Version 17.1.1 Internal Build 593 12/11/2017 SJ Standard Edition


---------------------
; Table of Contents ;
---------------------
  1. Legal Notice
  2. Flow Summary
  3. Flow Settings
  4. Flow Non-Default Global Settings
  5. Flow Elapsed Time
  6. Flow OS Summary
  7. Flow Log
  8. Flow Messages
  9. Flow Suppressed Messages



----------------
; Legal Notice ;
----------------
Copyright (C) 2017  Intel Corporation. All rights reserved.
Your use of Intel Corporation's design tools, logic functions 
and other software and tools, and its AMPP partner logic 
functions, and any output files from any of the foregoing 
(including device programming or simulation files), and any 
associated documentation or information are expressly subject 
to the terms and conditions of the Intel Program License 
Subscription Agreement, the Intel Quartus Prime License Agreement,
the Intel FPGA IP License Agreement, or other applicable license
agreement, including, without limitation, that your use is for
the sole purpose of programming logic devices manufactured by
Intel and sold by Intel or its authorized distributors.  Please
refer to the applicable agreement for further details.



+-----------------------------------------------------------------------------------------------+
; Flow Summary                                                                                  ;
+------------------------------------+----------------------------------------------------------+
; Flow Status                        ; Successful - Fri Dec 10 13:18:40 2021                    ;
; Quartus Prime Version              ; 17.1.1 Internal Build 593 12/11/2017 SJ Standard Edition ;
; Revision Name                      ; Practica3                                                ;
; Top-level Entity Name              ; IMAGEN_LCD                                               ;
; Family                             ; Cyclone IV E                                             ;
; Device                             ; EP4CE115F29C7                                            ;
; Timing Models                      ; Final                                                    ;
; Total logic elements               ; 267 / 114,480 ( < 1 % )                                  ;
;     Total combinational functions  ; 267 / 114,480 ( < 1 % )                                  ;
;     Dedicated logic registers      ; 25 / 114,480 ( < 1 % )                                   ;
; Total registers                    ; 25                                                       ;
; Total pins                         ; 31 / 529 ( 6 % )                                         ;
; Total virtual pins                 ; 0                                                        ;
; Total memory bits                  ; 2,048,000 / 3,981,312 ( 51 % )                           ;
; Embedded Multiplier 9-bit elements ; 0 / 532 ( 0 % )                                          ;
; Total PLLs                         ; 1 / 4 ( 25 % )                                           ;
+------------------------------------+----------------------------------------------------------+


+-----------------------------------------+
; Flow Settings                           ;
+-------------------+---------------------+
; Option            ; Setting             ;
+-------------------+---------------------+
; Start date & time ; 12/10/2021 13:17:01 ;
; Main task         ; Compilation         ;
; Revision Name     ; Practica3           ;
+-------------------+---------------------+


+------------------------------------------------------------------------------------------------------------------------------+
; Flow Non-Default Global Settings                                                                                             ;
+--------------------------------------+----------------------------------------+---------------+-------------+----------------+
; Assignment Name                      ; Value                                  ; Default Value ; Entity Name ; Section Id     ;
+--------------------------------------+----------------------------------------+---------------+-------------+----------------+
; COMPILER_SIGNATURE_ID                ; 335035121264.163913862112124           ; --            ; --          ; --             ;
; EDA_DESIGN_INSTANCE_NAME             ; IMAGEN_LCD                             ; --            ; --          ; IMAGEN_LCD_TB  ;
; EDA_DESIGN_INSTANCE_NAME             ; BARRAS_LCD                             ; --            ; --          ; BARRAS_LCD_TB  ;
; EDA_DESIGN_INSTANCE_NAME             ; LC_SYNC                                ; --            ; --          ; LC_SYNC_TB     ;
; EDA_NATIVELINK_SIMULATION_TEST_BENCH ; IMAGEN_LCD_TB                          ; --            ; --          ; eda_simulation ;
; EDA_OUTPUT_DATA_FORMAT               ; Verilog Hdl                            ; --            ; --          ; eda_simulation ;
; EDA_SIMULATION_TOOL                  ; ModelSim-Altera (Verilog)              ; <None>        ; --          ; --             ;
; EDA_TEST_BENCH_ENABLE_STATUS         ; TEST_BENCH_MODE                        ; --            ; --          ; eda_simulation ;
; EDA_TEST_BENCH_FILE                  ; IMAGEN_LCD_TB.v                        ; --            ; --          ; IMAGEN_LCD_TB  ;
; EDA_TEST_BENCH_FILE                  ; BARRAS_LCD_TB.v                        ; --            ; --          ; BARRAS_LCD_TB  ;
; EDA_TEST_BENCH_FILE                  ; LC_SYNC_TB.v                           ; --            ; --          ; LC_SYNC_TB     ;
; EDA_TEST_BENCH_MODULE_NAME           ; IMAGEN_LCD_TB                          ; --            ; --          ; IMAGEN_LCD_TB  ;
; EDA_TEST_BENCH_MODULE_NAME           ; BARRAS_LCD_TB                          ; --            ; --          ; BARRAS_LCD_TB  ;
; EDA_TEST_BENCH_MODULE_NAME           ; LC_SYNC_TB                             ; --            ; --          ; LC_SYNC_TB     ;
; EDA_TEST_BENCH_NAME                  ; LC_SYNC_TB                             ; --            ; --          ; eda_simulation ;
; EDA_TEST_BENCH_NAME                  ; BARRAS_LCD_TB                          ; --            ; --          ; eda_simulation ;
; EDA_TEST_BENCH_NAME                  ; IMAGEN_LCD_TB                          ; --            ; --          ; eda_simulation ;
; EDA_TIME_SCALE                       ; 1 ps                                   ; --            ; --          ; eda_simulation ;
; MAX_CORE_JUNCTION_TEMP               ; 85                                     ; --            ; --          ; --             ;
; MIN_CORE_JUNCTION_TEMP               ; 0                                      ; --            ; --          ; --             ;
; MISC_FILE                            ; pll_ltm_inst.v                         ; --            ; --          ; --             ;
; MISC_FILE                            ; pll_ltm_bb.v                           ; --            ; --          ; --             ;
; MISC_FILE                            ; pll_ltm.ppf                            ; --            ; --          ; --             ;
; MISC_FILE                            ; ROM_char_inst.v                        ; --            ; --          ; --             ;
; MISC_FILE                            ; ROM_char_bb.v                          ; --            ; --          ; --             ;
; MISC_FILE                            ; ROM_image_inst.v                       ; --            ; --          ; --             ;
; MISC_FILE                            ; ROM_image_bb.v                         ; --            ; --          ; --             ;
; PARTITION_COLOR                      ; -- (Not supported for targeted family) ; --            ; IMAGEN_LCD  ; Top            ;
; PARTITION_FITTER_PRESERVATION_LEVEL  ; -- (Not supported for targeted family) ; --            ; IMAGEN_LCD  ; Top            ;
; PARTITION_NETLIST_TYPE               ; -- (Not supported for targeted family) ; --            ; IMAGEN_LCD  ; Top            ;
; POWER_BOARD_THERMAL_MODEL            ; None (CONSERVATIVE)                    ; --            ; --          ; --             ;
; POWER_PRESET_COOLING_SOLUTION        ; 23 MM HEAT SINK WITH 200 LFPM AIRFLOW  ; --            ; --          ; --             ;
; TOP_LEVEL_ENTITY                     ; IMAGEN_LCD                             ; Practica3     ; --          ; --             ;
+--------------------------------------+----------------------------------------+---------------+-------------+----------------+


+-------------------------------------------------------------------------------------------------------------------------------+
; Flow Elapsed Time                                                                                                             ;
+---------------------------+--------------+-------------------------+---------------------+------------------------------------+
; Module Name               ; Elapsed Time ; Average Processors Used ; Peak Virtual Memory ; Total CPU Time (on all processors) ;
+---------------------------+--------------+-------------------------+---------------------+------------------------------------+
; Analysis & Synthesis      ; 00:00:13     ; 1.0                     ; 4811 MB             ; 00:00:20                           ;
; Fitter                    ; 00:00:43     ; 1.0                     ; 5956 MB             ; 00:00:56                           ;
; Assembler                 ; 00:00:04     ; 1.0                     ; 4701 MB             ; 00:00:03                           ;
; TimeQuest Timing Analyzer ; 00:00:08     ; 1.0                     ; 4889 MB             ; 00:00:03                           ;
; EDA Netlist Writer        ; 00:00:07     ; 1.0                     ; 4677 MB             ; 00:00:03                           ;
; Total                     ; 00:01:15     ; --                      ; --                  ; 00:01:25                           ;
+---------------------------+--------------+-------------------------+---------------------+------------------------------------+


+-----------------------------------------------------------------------------------------+
; Flow OS Summary                                                                         ;
+---------------------------+------------------+------------+------------+----------------+
; Module Name               ; Machine Hostname ; OS Name    ; OS Version ; Processor type ;
+---------------------------+------------------+------------+------------+----------------+
; Analysis & Synthesis      ; dise01           ; Windows 10 ; 10.0       ; x86_64         ;
; Fitter                    ; dise01           ; Windows 10 ; 10.0       ; x86_64         ;
; Assembler                 ; dise01           ; Windows 10 ; 10.0       ; x86_64         ;
; TimeQuest Timing Analyzer ; dise01           ; Windows 10 ; 10.0       ; x86_64         ;
; EDA Netlist Writer        ; dise01           ; Windows 10 ; 10.0       ; x86_64         ;
+---------------------------+------------------+------------+------------+----------------+


------------
; Flow Log ;
------------
quartus_map --read_settings_files=on --write_settings_files=off subtarea1 -c Practica3
quartus_fit --read_settings_files=off --write_settings_files=off subtarea1 -c Practica3
quartus_asm --read_settings_files=off --write_settings_files=off subtarea1 -c Practica3
quartus_sta subtarea1 -c Practica3
quartus_eda --read_settings_files=off --write_settings_files=off subtarea1 -c Practica3



